[0.033s] Invoking command in '/home/farhan/mars_nav/build/mars_rover_navigation': DEBUGINFOD_URLS=https://debuginfod.ubuntu.com /usr/bin/cmake --build /home/farhan/mars_nav/build/mars_rover_navigation -- -j4 -l4
[0.091s] -- Found ament_cmake: 2.5.4 (/opt/ros/jazzy/share/ament_cmake/cmake)
[0.556s] -- Found rclcpp: 28.1.9 (/opt/ros/jazzy/share/rclcpp/cmake)
[0.626s] -- Found rosidl_generator_c: 4.6.5 (/opt/ros/jazzy/share/rosidl_generator_c/cmake)
[0.647s] -- Found rosidl_generator_cpp: 4.6.5 (/opt/ros/jazzy/share/rosidl_generator_cpp/cmake)
[0.675s] -- Using all available rosidl_typesupport_c: rosidl_typesupport_fastrtps_c;rosidl_typesupport_introspection_c
[0.706s] -- Using all available rosidl_typesupport_cpp: rosidl_typesupport_fastrtps_cpp;rosidl_typesupport_introspection_cpp
[0.856s] -- Found rmw_implementation_cmake: 7.3.2 (/opt/ros/jazzy/share/rmw_implementation_cmake/cmake)
[0.859s] -- Found rmw_fastrtps_cpp: 8.4.2 (/opt/ros/jazzy/share/rmw_fastrtps_cpp/cmake)
[1.001s] -- Using RMW implementation 'rmw_fastrtps_cpp' as default
[1.146s] -- Found std_msgs: 5.3.6 (/opt/ros/jazzy/share/std_msgs/cmake)
[1.176s] -- Found geometry_msgs: 5.3.6 (/opt/ros/jazzy/share/geometry_msgs/cmake)
[1.208s] -- Found sensor_msgs: 5.3.6 (/opt/ros/jazzy/share/sensor_msgs/cmake)
[1.258s] -- Found nav_msgs: 5.3.6 (/opt/ros/jazzy/share/nav_msgs/cmake)
[1.463s] Error parsing '/home/farhan/mars_nav/src/mars_rover_navigation/package.xml':
[9.997s] Traceback (most recent call last):
[9.998s]   File "/usr/lib/python3/dist-packages/catkin_pkg/package.py", line 610, in parse_package_string
[9.999s]     root = dom.parseString(data)
[9.999s]            ^^^^^^^^^^^^^^^^^^^^^
[9.999s]   File "/usr/lib/python3.12/xml/dom/minidom.py", line 2000, in parseString
[10.000s]     return expatbuilder.parseString(string)
[10.000s]            ^^^^^^^^^^^^^^^^^^^^^^^^^^^^^^^^
[10.001s]   File "/usr/lib/python3.12/xml/dom/expatbuilder.py", line 922, in parseString
[10.003s]     return builder.parseString(string)
[10.006s]            ^^^^^^^^^^^^^^^^^^^^^^^^^^^
[10.006s]   File "/usr/lib/python3.12/xml/dom/expatbuilder.py", line 220, in parseString
[10.006s]     parser.Parse(string, True)
[10.008s] xml.parsers.expat.ExpatError: junk after document element: line 34, column 2
[10.009s] 
[10.009s] During handling of the above exception, another exception occurred:
[10.010s] 
[10.010s] Traceback (most recent call last):
[10.011s]   File "/opt/ros/jazzy/share/ament_cmake_core/cmake/core/package_xml_2_cmake.py", line 150, in <module>
[10.011s]     main()
[10.012s]   File "/opt/ros/jazzy/share/ament_cmake_core/cmake/core/package_xml_2_cmake.py", line 53, in main
[10.013s]     raise e
[10.013s]   File "/opt/ros/jazzy/share/ament_cmake_core/cmake/core/package_xml_2_cmake.py", line 49, in main
[10.014s]     package = parse_package_string(
[10.014s]               ^^^^^^^^^^^^^^^^^^^^^
[10.015s]   File "/usr/lib/python3/dist-packages/catkin_pkg/package.py", line 612, in parse_package_string
[10.015s]     raise InvalidPackage('The manifest contains invalid XML:\n%s' % ex, filename)
[10.015s] catkin_pkg.package.InvalidPackage: Error(s) in package '/home/farhan/mars_nav/src/mars_rover_navigation/package.xml':
[10.016s] The manifest contains invalid XML:
[10.016s] junk after document element: line 34, column 2
[10.131s] [31mCMake Error at /opt/ros/jazzy/share/ament_cmake_core/cmake/core/ament_package_xml.cmake:95 (message):
[10.131s]   execute_process(/usr/bin/python3
[10.132s]   /opt/ros/jazzy/share/ament_cmake_core/cmake/core/package_xml_2_cmake.py
[10.132s]   /home/farhan/mars_nav/src/mars_rover_navigation/package.xml
[10.132s]   /home/farhan/mars_nav/build/mars_rover_navigation/ament_cmake_core/package.cmake)
[10.133s]   returned error code 1
[10.133s] Call Stack (most recent call first):
[10.134s]   /opt/ros/jazzy/share/ament_cmake_core/cmake/core/ament_package_xml.cmake:49 (_ament_package_xml)
[10.134s]   /opt/ros/jazzy/share/ament_cmake_core/cmake/core/ament_package.cmake:63 (ament_package_xml)
[10.134s]   CMakeLists.txt:70 (ament_package)
[10.135s] 
[10.135s] [0m
[10.136s] -- Configuring incomplete, errors occurred!
[10.161s] gmake: *** [Makefile:267: cmake_check_build_system] Error 1
[10.166s] Invoked command in '/home/farhan/mars_nav/build/mars_rover_navigation' returned '2': DEBUGINFOD_URLS=https://debuginfod.ubuntu.com /usr/bin/cmake --build /home/farhan/mars_nav/build/mars_rover_navigation -- -j4 -l4
